nohup: ignoring input
/mnt/ssd2T/yang/DX/2025/vis-path-frequency-home-station-0716.py:149: FutureWarning: The `north`, `south`, `east`, and `west` parameters are deprecated and will be removed in the v2.0.0 release. Use the `bbox` parameter instead. See the OSMnx v2 migration guide: https://github.com/gboeing/osmnx/issues/1123
  G = ox.graph_from_bbox(maxy, miny, maxx, minx, network_type="drive")
/home/yang/anaconda3/envs/dx/lib/python3.11/site-packages/geopandas/geodataframe.py:1459: UserWarning: Boolean Series key will be reindexed to match DataFrame index.
  result = super().__getitem__(key)
1. 正在读取建筑数据…
   按 usage 与名称过滤…
   过滤后建筑总数: 105230
   usage 唯一值: [411. 412. 431. 403.  nan 421. 402. 401. 413.]
2. 计算建筑物范围并下载对应路网…
   路网下载范围: (34.59882, 34.66824, 135.48613, 135.55117)
   无缓存，开始下载路网 (network_type='drive')…
   路网已保存到 cached_network_34.59882_34.66824_135.48613_135.55117.graphml
   路网加载完成: 节点 13685 边 37630
3. 计算住宅 / 駅 的质心…
4. 正在计算最短路径并统计边频率…
   已处理 100/93806 条记录 (mult=1.0)
   已处理 200/93806 条记录 (mult=1.0)
   已处理 300/93806 条记录 (mult=1.0)
   * 无路可达: 原点398
   已处理 400/93806 条记录 (mult=1.0)
   * 无路可达: 原点415
   * 无路可达: 原点476
   已处理 500/93806 条记录 (mult=1.0)
   已处理 600/93806 条记录 (mult=1.0)
   已处理 700/93806 条记录 (mult=1.0)
   已处理 800/93806 条记录 (mult=1.0)
   已处理 900/93806 条记录 (mult=1.0)
   已处理 1000/93806 条记录 (mult=1.0)
   已处理 1100/93806 条记录 (mult=1.0)
   已处理 1200/93806 条记录 (mult=1.0)
   已处理 1300/93806 条记录 (mult=1.0)
   已处理 1400/93806 条记录 (mult=1.0)
   已处理 1500/93806 条记录 (mult=1.0)
   已处理 1600/93806 条记录 (mult=1.0)
   已处理 1700/93806 条记录 (mult=1.0)
   已处理 1800/93806 条记录 (mult=1.0)
   已处理 1900/93806 条记录 (mult=1.0)
   已处理 2000/93806 条记录 (mult=1.0)
   已处理 2100/93806 条记录 (mult=1.0)
   * 无路可达: 原点2190
   已处理 2200/93806 条记录 (mult=1.0)
   已处理 2300/93806 条记录 (mult=1.0)
   * 无路可达: 原点2302
   已处理 2400/93806 条记录 (mult=1.0)
   * 无路可达: 原点2424
   * 无路可达: 原点2499
   已处理 2500/93806 条记录 (mult=1.0)
   已处理 2600/93806 条记录 (mult=1.0)
   已处理 2700/93806 条记录 (mult=1.0)
   * 无路可达: 原点2774
   已处理 2800/93806 条记录 (mult=1.0)
   * 无路可达: 原点2837
   * 无路可达: 原点2852
   已处理 2900/93806 条记录 (mult=1.0)
   * 无路可达: 原点3000
   已处理 3100/93806 条记录 (mult=1.0)
   * 无路可达: 原点3120
   已处理 3200/93806 条记录 (mult=1.0)
   * 无路可达: 原点3208
   已处理 3300/93806 条记录 (mult=1.0)
   已处理 3400/93806 条记录 (mult=1.0)
   已处理 3500/93806 条记录 (mult=1.0)
   已处理 3600/93806 条记录 (mult=1.0)
   已处理 3700/93806 条记录 (mult=1.0)
   * 无路可达: 原点3734
   * 无路可达: 原点3757
   已处理 3800/93806 条记录 (mult=1.0)
   已处理 3900/93806 条记录 (mult=1.0)
   已处理 4000/93806 条记录 (mult=1.0)
   * 无路可达: 原点4085
   已处理 4100/93806 条记录 (mult=1.0)
   已处理 4200/93806 条记录 (mult=1.0)
   已处理 4300/93806 条记录 (mult=1.0)
   * 无路可达: 原点4381
   已处理 4400/93806 条记录 (mult=1.0)
   已处理 4500/93806 条记录 (mult=1.0)
   已处理 4600/93806 条记录 (mult=1.0)
   * 无路可达: 原点4623
   已处理 4700/93806 条记录 (mult=1.0)
   已处理 4800/93806 条记录 (mult=1.0)
   * 无路可达: 原点4861
   已处理 4900/93806 条记录 (mult=1.0)
   已处理 5000/93806 条记录 (mult=1.0)
   已处理 5100/93806 条记录 (mult=1.0)
   * 无路可达: 原点5159
   已处理 5200/93806 条记录 (mult=1.0)
   已处理 5300/93806 条记录 (mult=1.0)
   已处理 5400/93806 条记录 (mult=1.0)
   已处理 5500/93806 条记录 (mult=1.0)
   已处理 5600/93806 条记录 (mult=1.0)
   已处理 5700/93806 条记录 (mult=1.0)
   已处理 5800/93806 条记录 (mult=1.0)
   已处理 5900/93806 条记录 (mult=1.0)
   已处理 6000/93806 条记录 (mult=1.0)
   已处理 6100/93806 条记录 (mult=1.0)
   已处理 6200/93806 条记录 (mult=1.0)
   已处理 6300/93806 条记录 (mult=1.0)
   已处理 6400/93806 条记录 (mult=1.0)
   已处理 6500/93806 条记录 (mult=1.0)
   已处理 6600/93806 条记录 (mult=1.0)
   已处理 6700/93806 条记录 (mult=1.0)
   已处理 6800/93806 条记录 (mult=1.0)
   已处理 6900/93806 条记录 (mult=1.0)
   已处理 7000/93806 条记录 (mult=1.0)
   已处理 7100/93806 条记录 (mult=1.0)
   已处理 7200/93806 条记录 (mult=1.0)
   已处理 7300/93806 条记录 (mult=1.0)
   已处理 7400/93806 条记录 (mult=1.0)
   已处理 7500/93806 条记录 (mult=1.0)
   已处理 7600/93806 条记录 (mult=1.0)
   已处理 7700/93806 条记录 (mult=1.0)
   已处理 7800/93806 条记录 (mult=1.0)
   已处理 7900/93806 条记录 (mult=1.0)
   已处理 8000/93806 条记录 (mult=1.0)
   已处理 8100/93806 条记录 (mult=1.0)
   已处理 8200/93806 条记录 (mult=1.0)
   已处理 8300/93806 条记录 (mult=1.0)
   已处理 8400/93806 条记录 (mult=1.0)
   已处理 8500/93806 条记录 (mult=1.0)
   已处理 8600/93806 条记录 (mult=1.0)
   已处理 8700/93806 条记录 (mult=1.0)
   已处理 8800/93806 条记录 (mult=1.0)
   已处理 8900/93806 条记录 (mult=1.0)
   已处理 9000/93806 条记录 (mult=1.0)
   已处理 9100/93806 条记录 (mult=1.0)
   已处理 9200/93806 条记录 (mult=1.0)
   已处理 9300/93806 条记录 (mult=1.0)
   已处理 9400/93806 条记录 (mult=1.0)
   已处理 9500/93806 条记录 (mult=1.0)
   已处理 9600/93806 条记录 (mult=1.0)
   已处理 9700/93806 条记录 (mult=1.0)
   已处理 9800/93806 条记录 (mult=1.0)
   已处理 9900/93806 条记录 (mult=1.0)
   已处理 10000/93806 条记录 (mult=1.0)
   已处理 10100/93806 条记录 (mult=1.0)
   已处理 10200/93806 条记录 (mult=1.0)
   已处理 10300/93806 条记录 (mult=1.0)
   已处理 10400/93806 条记录 (mult=1.0)
   已处理 10500/93806 条记录 (mult=1.0)
   已处理 10600/93806 条记录 (mult=1.0)
   已处理 10700/93806 条记录 (mult=1.0)
   已处理 10800/93806 条记录 (mult=1.0)
   已处理 10900/93806 条记录 (mult=1.0)
   已处理 11000/93806 条记录 (mult=1.0)
   已处理 11100/93806 条记录 (mult=1.0)
   已处理 11200/93806 条记录 (mult=1.0)
   已处理 11300/93806 条记录 (mult=1.0)
   已处理 11400/93806 条记录 (mult=1.0)
   已处理 11500/93806 条记录 (mult=1.0)
   已处理 11600/93806 条记录 (mult=1.0)
   已处理 11700/93806 条记录 (mult=1.0)
   已处理 11800/93806 条记录 (mult=1.0)
   已处理 11900/93806 条记录 (mult=1.0)
   已处理 12000/93806 条记录 (mult=1.0)
   已处理 12100/93806 条记录 (mult=1.0)
   已处理 12200/93806 条记录 (mult=1.0)
   已处理 12300/93806 条记录 (mult=1.0)
   已处理 12400/93806 条记录 (mult=1.0)
   已处理 12500/93806 条记录 (mult=1.0)
   已处理 12600/93806 条记录 (mult=1.0)
   已处理 12700/93806 条记录 (mult=1.0)
   已处理 12800/93806 条记录 (mult=1.0)
   已处理 12900/93806 条记录 (mult=1.0)
   已处理 13000/93806 条记录 (mult=1.0)
   已处理 13100/93806 条记录 (mult=1.0)
   已处理 13200/93806 条记录 (mult=1.0)
   已处理 13300/93806 条记录 (mult=1.0)
   已处理 13400/93806 条记录 (mult=1.0)
   已处理 13500/93806 条记录 (mult=1.0)
   已处理 13600/93806 条记录 (mult=1.0)
   已处理 13700/93806 条记录 (mult=1.0)
   已处理 13800/93806 条记录 (mult=1.0)
   已处理 13900/93806 条记录 (mult=1.0)
   已处理 14000/93806 条记录 (mult=1.0)
   已处理 14100/93806 条记录 (mult=1.0)
   已处理 14200/93806 条记录 (mult=1.0)
   已处理 14300/93806 条记录 (mult=1.0)
   已处理 14400/93806 条记录 (mult=1.0)
   已处理 14500/93806 条记录 (mult=1.0)
   已处理 14600/93806 条记录 (mult=1.0)
   已处理 14700/93806 条记录 (mult=1.0)
   已处理 14800/93806 条记录 (mult=1.0)
   已处理 14900/93806 条记录 (mult=1.0)
   已处理 15000/93806 条记录 (mult=1.0)
   已处理 15100/93806 条记录 (mult=1.0)
   已处理 15200/93806 条记录 (mult=1.0)
   已处理 15300/93806 条记录 (mult=1.0)
   已处理 15400/93806 条记录 (mult=1.0)
   已处理 15500/93806 条记录 (mult=1.0)
   已处理 15600/93806 条记录 (mult=1.0)
   已处理 15700/93806 条记录 (mult=1.0)
   已处理 15800/93806 条记录 (mult=1.0)
   已处理 15900/93806 条记录 (mult=1.0)
   已处理 16000/93806 条记录 (mult=1.0)
   已处理 16100/93806 条记录 (mult=1.0)
   已处理 16200/93806 条记录 (mult=1.0)
   已处理 16300/93806 条记录 (mult=1.0)
   已处理 16400/93806 条记录 (mult=1.0)
   已处理 16500/93806 条记录 (mult=1.0)
   已处理 16600/93806 条记录 (mult=1.0)
   已处理 16700/93806 条记录 (mult=1.0)
   已处理 16800/93806 条记录 (mult=1.0)
   已处理 16900/93806 条记录 (mult=1.0)
   已处理 17000/93806 条记录 (mult=1.0)
   已处理 17100/93806 条记录 (mult=1.0)
   已处理 17200/93806 条记录 (mult=1.0)
   已处理 17300/93806 条记录 (mult=1.0)
   已处理 17400/93806 条记录 (mult=1.0)
   已处理 17500/93806 条记录 (mult=1.0)
   已处理 17600/93806 条记录 (mult=1.0)
   已处理 17700/93806 条记录 (mult=1.0)
   已处理 17800/93806 条记录 (mult=1.0)
   已处理 17900/93806 条记录 (mult=1.0)
   已处理 18000/93806 条记录 (mult=1.0)
   已处理 18100/93806 条记录 (mult=1.0)
   已处理 18200/93806 条记录 (mult=1.0)
   已处理 18300/93806 条记录 (mult=1.0)
   已处理 18400/93806 条记录 (mult=1.0)
   已处理 18500/93806 条记录 (mult=1.0)
   已处理 18600/93806 条记录 (mult=1.0)
   已处理 18700/93806 条记录 (mult=1.0)
   已处理 18800/93806 条记录 (mult=1.0)
   已处理 18900/93806 条记录 (mult=1.0)
   已处理 19000/93806 条记录 (mult=1.0)
   已处理 19100/93806 条记录 (mult=1.0)
   已处理 19200/93806 条记录 (mult=1.0)
   已处理 19300/93806 条记录 (mult=1.0)
   已处理 19400/93806 条记录 (mult=1.0)
   已处理 19500/93806 条记录 (mult=1.0)
   已处理 19600/93806 条记录 (mult=1.0)
   已处理 19700/93806 条记录 (mult=1.0)
   已处理 19800/93806 条记录 (mult=1.0)
   已处理 19900/93806 条记录 (mult=1.0)
   已处理 20000/93806 条记录 (mult=1.0)
   已处理 20100/93806 条记录 (mult=1.0)
   已处理 20200/93806 条记录 (mult=1.0)
   已处理 20300/93806 条记录 (mult=1.0)
   已处理 20400/93806 条记录 (mult=1.0)
   已处理 20500/93806 条记录 (mult=1.0)
   已处理 20600/93806 条记录 (mult=1.0)
   已处理 20700/93806 条记录 (mult=1.0)
   已处理 20800/93806 条记录 (mult=1.0)
   已处理 20900/93806 条记录 (mult=1.0)
   已处理 21000/93806 条记录 (mult=1.0)
   已处理 21100/93806 条记录 (mult=1.0)
   已处理 21200/93806 条记录 (mult=1.0)
   已处理 21300/93806 条记录 (mult=1.0)
   已处理 21400/93806 条记录 (mult=1.0)
   已处理 21500/93806 条记录 (mult=1.0)
   已处理 21600/93806 条记录 (mult=1.0)
   已处理 21700/93806 条记录 (mult=1.0)
   已处理 21800/93806 条记录 (mult=1.0)
   已处理 21900/93806 条记录 (mult=1.0)
   已处理 22000/93806 条记录 (mult=1.0)
   已处理 22100/93806 条记录 (mult=1.0)
   已处理 22200/93806 条记录 (mult=1.0)
   已处理 22300/93806 条记录 (mult=1.0)
   已处理 22400/93806 条记录 (mult=1.0)
   已处理 22500/93806 条记录 (mult=1.0)
   已处理 22600/93806 条记录 (mult=1.0)
   已处理 22700/93806 条记录 (mult=1.0)
   已处理 22800/93806 条记录 (mult=1.0)
   已处理 22900/93806 条记录 (mult=1.0)
   已处理 23000/93806 条记录 (mult=1.0)
   已处理 23100/93806 条记录 (mult=1.0)
   已处理 23200/93806 条记录 (mult=1.0)
   已处理 23300/93806 条记录 (mult=1.0)
   已处理 23400/93806 条记录 (mult=1.0)
   已处理 23500/93806 条记录 (mult=1.0)
   已处理 23600/93806 条记录 (mult=1.0)
   已处理 23700/93806 条记录 (mult=1.0)
   已处理 23800/93806 条记录 (mult=1.0)
   已处理 23900/93806 条记录 (mult=1.0)
   已处理 24000/93806 条记录 (mult=1.0)
   已处理 24100/93806 条记录 (mult=1.0)
   已处理 24200/93806 条记录 (mult=1.0)
   已处理 24300/93806 条记录 (mult=1.0)
   已处理 24400/93806 条记录 (mult=1.0)
   已处理 24500/93806 条记录 (mult=1.0)
   已处理 24600/93806 条记录 (mult=1.0)
   已处理 24700/93806 条记录 (mult=1.0)
   已处理 24800/93806 条记录 (mult=1.0)
   已处理 24900/93806 条记录 (mult=1.0)
   已处理 25000/93806 条记录 (mult=1.0)
   已处理 25100/93806 条记录 (mult=1.0)
   已处理 25200/93806 条记录 (mult=1.0)
   已处理 25300/93806 条记录 (mult=1.0)
   已处理 25400/93806 条记录 (mult=1.0)
   已处理 25500/93806 条记录 (mult=1.0)
   已处理 25600/93806 条记录 (mult=1.0)
   已处理 25700/93806 条记录 (mult=1.0)
   已处理 25800/93806 条记录 (mult=1.0)
   已处理 25900/93806 条记录 (mult=1.0)
   已处理 26000/93806 条记录 (mult=1.0)
   已处理 26100/93806 条记录 (mult=1.0)
   已处理 26200/93806 条记录 (mult=1.0)
   已处理 26300/93806 条记录 (mult=1.0)
   已处理 26400/93806 条记录 (mult=1.0)
   已处理 26500/93806 条记录 (mult=1.0)
   已处理 26600/93806 条记录 (mult=1.0)
   已处理 26700/93806 条记录 (mult=1.0)
   已处理 26800/93806 条记录 (mult=1.0)
   已处理 26900/93806 条记录 (mult=1.0)
   已处理 27000/93806 条记录 (mult=1.0)
   已处理 27100/93806 条记录 (mult=1.0)
   已处理 27200/93806 条记录 (mult=1.0)
   已处理 27300/93806 条记录 (mult=1.0)
   已处理 27400/93806 条记录 (mult=1.0)
   已处理 27500/93806 条记录 (mult=1.0)
   已处理 27600/93806 条记录 (mult=1.0)
   已处理 27700/93806 条记录 (mult=1.0)
   已处理 27800/93806 条记录 (mult=1.0)
   已处理 27900/93806 条记录 (mult=1.0)
   已处理 28000/93806 条记录 (mult=1.0)
   已处理 28100/93806 条记录 (mult=1.0)
   已处理 28200/93806 条记录 (mult=1.0)
   已处理 28300/93806 条记录 (mult=1.0)
   已处理 28400/93806 条记录 (mult=1.0)
   已处理 28500/93806 条记录 (mult=1.0)
   已处理 28600/93806 条记录 (mult=1.0)
   已处理 28700/93806 条记录 (mult=1.0)
   已处理 28800/93806 条记录 (mult=1.0)
   已处理 28900/93806 条记录 (mult=1.0)
   已处理 29000/93806 条记录 (mult=1.0)
   已处理 29100/93806 条记录 (mult=1.0)
   已处理 29200/93806 条记录 (mult=1.0)
   已处理 29300/93806 条记录 (mult=1.0)
   已处理 29400/93806 条记录 (mult=1.0)
   已处理 29500/93806 条记录 (mult=1.0)
   已处理 29600/93806 条记录 (mult=1.0)
   已处理 29700/93806 条记录 (mult=1.0)
   已处理 29800/93806 条记录 (mult=1.0)
   已处理 29900/93806 条记录 (mult=1.0)
   已处理 30000/93806 条记录 (mult=1.0)
   已处理 30100/93806 条记录 (mult=1.0)
   已处理 30200/93806 条记录 (mult=1.0)
   已处理 30300/93806 条记录 (mult=1.0)
   已处理 30400/93806 条记录 (mult=1.0)
   已处理 30500/93806 条记录 (mult=1.0)
   已处理 30600/93806 条记录 (mult=1.0)
   已处理 30700/93806 条记录 (mult=1.0)
   已处理 30800/93806 条记录 (mult=1.0)
   已处理 30900/93806 条记录 (mult=1.0)
   已处理 31000/93806 条记录 (mult=1.0)
   已处理 31100/93806 条记录 (mult=1.0)
   已处理 31200/93806 条记录 (mult=1.0)
   已处理 31300/93806 条记录 (mult=1.0)
   已处理 31400/93806 条记录 (mult=1.0)
   已处理 31500/93806 条记录 (mult=1.0)
   已处理 31600/93806 条记录 (mult=1.0)
   已处理 31700/93806 条记录 (mult=1.0)
   已处理 31800/93806 条记录 (mult=1.0)
   已处理 31900/93806 条记录 (mult=1.0)
   已处理 32000/93806 条记录 (mult=1.0)
   已处理 32100/93806 条记录 (mult=1.0)
   已处理 32200/93806 条记录 (mult=1.0)
   已处理 32300/93806 条记录 (mult=1.0)
   已处理 32400/93806 条记录 (mult=1.0)
   已处理 32500/93806 条记录 (mult=1.0)
   已处理 32600/93806 条记录 (mult=1.0)
   已处理 32700/93806 条记录 (mult=1.0)
   已处理 32800/93806 条记录 (mult=1.0)
   已处理 32900/93806 条记录 (mult=1.0)
   已处理 33000/93806 条记录 (mult=1.0)
   已处理 33100/93806 条记录 (mult=1.0)
   已处理 33200/93806 条记录 (mult=1.0)
   已处理 33300/93806 条记录 (mult=1.0)
   已处理 33400/93806 条记录 (mult=1.0)
   已处理 33500/93806 条记录 (mult=1.0)
   已处理 33600/93806 条记录 (mult=1.0)
   已处理 33700/93806 条记录 (mult=1.0)
   已处理 33800/93806 条记录 (mult=1.0)
   已处理 33900/93806 条记录 (mult=1.0)
   已处理 34000/93806 条记录 (mult=1.0)
   已处理 34100/93806 条记录 (mult=1.0)
   已处理 34200/93806 条记录 (mult=1.0)
   已处理 34300/93806 条记录 (mult=1.0)
   已处理 34400/93806 条记录 (mult=1.0)
   已处理 34500/93806 条记录 (mult=1.0)
   已处理 34600/93806 条记录 (mult=1.0)
   已处理 34700/93806 条记录 (mult=1.0)
   已处理 34800/93806 条记录 (mult=1.0)
   已处理 34900/93806 条记录 (mult=1.0)
   已处理 35000/93806 条记录 (mult=1.0)
   已处理 35100/93806 条记录 (mult=1.0)
   已处理 35200/93806 条记录 (mult=1.0)
   已处理 35300/93806 条记录 (mult=1.0)
   已处理 35400/93806 条记录 (mult=1.0)
   已处理 35500/93806 条记录 (mult=1.0)
   已处理 35600/93806 条记录 (mult=1.0)
   已处理 35700/93806 条记录 (mult=1.0)
   已处理 35800/93806 条记录 (mult=1.0)
   已处理 35900/93806 条记录 (mult=1.0)
   已处理 36000/93806 条记录 (mult=1.0)
   已处理 36100/93806 条记录 (mult=1.0)
   已处理 36200/93806 条记录 (mult=1.0)
   已处理 36300/93806 条记录 (mult=1.0)
   已处理 36400/93806 条记录 (mult=1.0)
   已处理 36500/93806 条记录 (mult=1.0)
   已处理 36600/93806 条记录 (mult=1.0)
   已处理 36700/93806 条记录 (mult=1.0)
   已处理 36800/93806 条记录 (mult=1.0)
   已处理 36900/93806 条记录 (mult=1.0)
   已处理 37000/93806 条记录 (mult=1.0)
   已处理 37100/93806 条记录 (mult=1.0)
   已处理 37200/93806 条记录 (mult=1.0)
   已处理 37300/93806 条记录 (mult=1.0)
   已处理 37400/93806 条记录 (mult=1.0)
   已处理 37500/93806 条记录 (mult=1.0)
   已处理 37600/93806 条记录 (mult=1.0)
   已处理 37700/93806 条记录 (mult=1.0)
   已处理 37800/93806 条记录 (mult=1.0)
   已处理 37900/93806 条记录 (mult=1.0)
   已处理 38000/93806 条记录 (mult=1.0)
   已处理 38100/93806 条记录 (mult=1.0)
   已处理 38200/93806 条记录 (mult=1.0)
   已处理 38300/93806 条记录 (mult=1.0)
   已处理 38400/93806 条记录 (mult=1.0)
   已处理 38500/93806 条记录 (mult=1.0)
   已处理 38600/93806 条记录 (mult=1.0)
   已处理 38700/93806 条记录 (mult=1.0)
   已处理 38800/93806 条记录 (mult=1.0)
   已处理 38900/93806 条记录 (mult=1.0)
   已处理 39000/93806 条记录 (mult=1.0)
   已处理 39100/93806 条记录 (mult=1.0)
   已处理 39200/93806 条记录 (mult=1.0)
   已处理 39300/93806 条记录 (mult=1.0)
   已处理 39400/93806 条记录 (mult=1.0)
   已处理 39500/93806 条记录 (mult=1.0)
   已处理 39600/93806 条记录 (mult=1.0)
   已处理 39700/93806 条记录 (mult=1.0)
   已处理 39800/93806 条记录 (mult=1.0)
   已处理 39900/93806 条记录 (mult=1.0)
   已处理 40000/93806 条记录 (mult=1.0)
   已处理 40100/93806 条记录 (mult=1.0)
   已处理 40200/93806 条记录 (mult=1.0)
   已处理 40300/93806 条记录 (mult=1.0)
   已处理 40400/93806 条记录 (mult=1.0)
   已处理 40500/93806 条记录 (mult=1.0)
   已处理 40600/93806 条记录 (mult=1.0)
   已处理 40700/93806 条记录 (mult=1.0)
   已处理 40800/93806 条记录 (mult=1.0)
   已处理 40900/93806 条记录 (mult=1.0)
   已处理 41000/93806 条记录 (mult=1.0)
   已处理 41100/93806 条记录 (mult=1.0)
   已处理 41200/93806 条记录 (mult=1.0)
   已处理 41300/93806 条记录 (mult=1.0)
   已处理 41400/93806 条记录 (mult=1.0)
   已处理 41500/93806 条记录 (mult=1.0)
   已处理 41600/93806 条记录 (mult=1.0)
   已处理 41700/93806 条记录 (mult=1.0)
   已处理 41800/93806 条记录 (mult=1.0)
   已处理 41900/93806 条记录 (mult=1.0)
   已处理 42000/93806 条记录 (mult=1.0)
   已处理 42100/93806 条记录 (mult=1.0)
   已处理 42200/93806 条记录 (mult=1.0)
   已处理 42300/93806 条记录 (mult=1.0)
   已处理 42400/93806 条记录 (mult=1.0)
   已处理 42500/93806 条记录 (mult=1.0)
   已处理 42600/93806 条记录 (mult=1.0)
   已处理 42700/93806 条记录 (mult=1.0)
   已处理 42800/93806 条记录 (mult=1.0)
   已处理 42900/93806 条记录 (mult=1.0)
   已处理 43000/93806 条记录 (mult=1.0)
   已处理 43100/93806 条记录 (mult=1.0)
   已处理 43200/93806 条记录 (mult=1.0)
   已处理 43300/93806 条记录 (mult=1.0)
   已处理 43400/93806 条记录 (mult=1.0)
   已处理 43500/93806 条记录 (mult=1.0)
   已处理 43600/93806 条记录 (mult=1.0)
   已处理 43700/93806 条记录 (mult=1.0)
   已处理 43800/93806 条记录 (mult=1.0)
   已处理 43900/93806 条记录 (mult=1.0)
   已处理 44000/93806 条记录 (mult=1.0)
   已处理 44100/93806 条记录 (mult=1.0)
   已处理 44200/93806 条记录 (mult=1.0)
   已处理 44300/93806 条记录 (mult=1.0)
   已处理 44400/93806 条记录 (mult=1.0)
   已处理 44500/93806 条记录 (mult=1.0)
   已处理 44600/93806 条记录 (mult=1.0)
   已处理 44700/93806 条记录 (mult=1.0)
   已处理 44800/93806 条记录 (mult=1.0)
   已处理 44900/93806 条记录 (mult=1.0)
   已处理 45000/93806 条记录 (mult=1.0)
   已处理 45100/93806 条记录 (mult=1.0)
   已处理 45200/93806 条记录 (mult=1.0)
   已处理 45300/93806 条记录 (mult=1.0)
   已处理 45400/93806 条记录 (mult=1.0)
   已处理 45500/93806 条记录 (mult=1.0)
   已处理 45600/93806 条记录 (mult=1.0)
   已处理 45700/93806 条记录 (mult=1.0)
   已处理 45800/93806 条记录 (mult=1.0)
   已处理 45900/93806 条记录 (mult=1.0)
   已处理 46000/93806 条记录 (mult=1.0)
   已处理 46100/93806 条记录 (mult=1.0)
   已处理 46200/93806 条记录 (mult=1.0)
   已处理 46300/93806 条记录 (mult=1.0)
   已处理 46400/93806 条记录 (mult=1.0)
   已处理 46500/93806 条记录 (mult=1.0)
   已处理 46600/93806 条记录 (mult=1.0)
   已处理 46700/93806 条记录 (mult=1.0)
   已处理 46800/93806 条记录 (mult=1.0)
   已处理 46900/93806 条记录 (mult=1.0)
   已处理 47000/93806 条记录 (mult=1.0)
   已处理 47100/93806 条记录 (mult=1.0)
   已处理 47200/93806 条记录 (mult=1.0)
   已处理 47300/93806 条记录 (mult=1.0)
   已处理 47400/93806 条记录 (mult=1.0)
   已处理 47500/93806 条记录 (mult=1.0)
   已处理 47600/93806 条记录 (mult=1.0)
   已处理 47700/93806 条记录 (mult=1.0)
   已处理 47800/93806 条记录 (mult=1.0)
   已处理 47900/93806 条记录 (mult=1.0)
   已处理 48000/93806 条记录 (mult=1.0)
   已处理 48100/93806 条记录 (mult=1.0)
   已处理 48200/93806 条记录 (mult=1.0)
   已处理 48300/93806 条记录 (mult=1.0)
   已处理 48400/93806 条记录 (mult=1.0)
   已处理 48500/93806 条记录 (mult=1.0)
   已处理 48600/93806 条记录 (mult=1.0)
   已处理 48700/93806 条记录 (mult=1.0)
   已处理 48800/93806 条记录 (mult=1.0)
   已处理 48900/93806 条记录 (mult=1.0)
   已处理 49000/93806 条记录 (mult=1.0)
   已处理 49100/93806 条记录 (mult=1.0)
   已处理 49200/93806 条记录 (mult=1.0)
   已处理 49300/93806 条记录 (mult=1.0)
   已处理 49400/93806 条记录 (mult=1.0)
   已处理 49500/93806 条记录 (mult=1.0)
   已处理 49600/93806 条记录 (mult=1.0)
   已处理 49700/93806 条记录 (mult=1.0)
   已处理 49800/93806 条记录 (mult=1.0)
   已处理 49900/93806 条记录 (mult=1.0)
   已处理 50000/93806 条记录 (mult=1.0)
   已处理 50100/93806 条记录 (mult=1.0)
   已处理 50200/93806 条记录 (mult=1.0)
   已处理 50300/93806 条记录 (mult=1.0)
   已处理 50400/93806 条记录 (mult=1.0)
   已处理 50500/93806 条记录 (mult=1.0)
   已处理 50600/93806 条记录 (mult=1.0)
   已处理 50700/93806 条记录 (mult=1.0)
   已处理 50800/93806 条记录 (mult=1.0)
   已处理 50900/93806 条记录 (mult=1.0)
   已处理 51000/93806 条记录 (mult=1.0)
   已处理 51100/93806 条记录 (mult=1.0)
   已处理 51200/93806 条记录 (mult=1.0)
   已处理 51300/93806 条记录 (mult=1.0)
   已处理 51400/93806 条记录 (mult=1.0)
   已处理 51500/93806 条记录 (mult=1.0)
   已处理 51600/93806 条记录 (mult=1.0)
   已处理 51700/93806 条记录 (mult=1.0)
   已处理 51800/93806 条记录 (mult=1.0)
   已处理 51900/93806 条记录 (mult=1.0)
   已处理 52000/93806 条记录 (mult=1.0)
   已处理 52100/93806 条记录 (mult=1.0)
   已处理 52200/93806 条记录 (mult=1.0)
   已处理 52300/93806 条记录 (mult=1.0)
   已处理 52400/93806 条记录 (mult=1.0)
   已处理 52500/93806 条记录 (mult=1.0)
   已处理 52600/93806 条记录 (mult=1.0)
   已处理 52700/93806 条记录 (mult=1.0)
   已处理 52800/93806 条记录 (mult=1.0)
   已处理 52900/93806 条记录 (mult=1.0)
   已处理 53000/93806 条记录 (mult=1.0)
   已处理 53100/93806 条记录 (mult=1.0)
   已处理 53200/93806 条记录 (mult=1.0)
   已处理 53300/93806 条记录 (mult=1.0)
   已处理 53400/93806 条记录 (mult=1.0)
   已处理 53500/93806 条记录 (mult=1.0)
   已处理 53600/93806 条记录 (mult=1.0)
   已处理 53700/93806 条记录 (mult=1.0)
   已处理 53800/93806 条记录 (mult=1.0)
   已处理 53900/93806 条记录 (mult=1.0)
   已处理 54000/93806 条记录 (mult=1.0)
   已处理 54100/93806 条记录 (mult=1.0)
   已处理 54200/93806 条记录 (mult=1.0)
   已处理 54300/93806 条记录 (mult=1.0)
   已处理 54400/93806 条记录 (mult=1.0)
   已处理 54500/93806 条记录 (mult=1.0)
   已处理 54600/93806 条记录 (mult=1.0)
   已处理 54700/93806 条记录 (mult=1.0)
   已处理 54800/93806 条记录 (mult=1.0)
   已处理 54900/93806 条记录 (mult=1.0)
   已处理 55000/93806 条记录 (mult=1.0)
   已处理 55100/93806 条记录 (mult=1.0)
   已处理 55200/93806 条记录 (mult=1.0)
   已处理 55300/93806 条记录 (mult=1.0)
   已处理 55400/93806 条记录 (mult=1.0)
   已处理 55500/93806 条记录 (mult=1.0)
   已处理 55600/93806 条记录 (mult=1.0)
   已处理 55700/93806 条记录 (mult=1.0)
   已处理 55800/93806 条记录 (mult=1.0)
   已处理 55900/93806 条记录 (mult=1.0)
   已处理 56000/93806 条记录 (mult=1.0)
   已处理 56100/93806 条记录 (mult=1.0)
   已处理 56200/93806 条记录 (mult=1.0)
   已处理 56300/93806 条记录 (mult=1.0)
   已处理 56400/93806 条记录 (mult=1.0)
   已处理 56500/93806 条记录 (mult=1.0)
   已处理 56600/93806 条记录 (mult=1.0)
   已处理 56700/93806 条记录 (mult=1.0)
   已处理 56800/93806 条记录 (mult=1.0)
   已处理 56900/93806 条记录 (mult=1.0)
   已处理 57000/93806 条记录 (mult=1.0)
   已处理 57100/93806 条记录 (mult=1.0)
   已处理 57200/93806 条记录 (mult=1.0)
   已处理 57300/93806 条记录 (mult=1.0)
   已处理 57400/93806 条记录 (mult=1.0)
   已处理 57500/93806 条记录 (mult=1.0)
   已处理 57600/93806 条记录 (mult=1.0)
   已处理 57700/93806 条记录 (mult=1.0)
   已处理 57800/93806 条记录 (mult=1.0)
   已处理 57900/93806 条记录 (mult=1.0)
   已处理 58000/93806 条记录 (mult=1.0)
   已处理 58100/93806 条记录 (mult=1.0)
   已处理 58200/93806 条记录 (mult=1.0)
   已处理 58300/93806 条记录 (mult=1.0)
   已处理 58400/93806 条记录 (mult=1.0)
   已处理 58500/93806 条记录 (mult=1.0)
   已处理 58600/93806 条记录 (mult=1.0)
   已处理 58700/93806 条记录 (mult=1.0)
   已处理 58800/93806 条记录 (mult=1.0)
   已处理 58900/93806 条记录 (mult=1.0)
   已处理 59000/93806 条记录 (mult=1.0)
   已处理 59100/93806 条记录 (mult=1.0)
   已处理 59200/93806 条记录 (mult=1.0)
   已处理 59300/93806 条记录 (mult=1.0)
   已处理 59400/93806 条记录 (mult=1.0)
   已处理 59500/93806 条记录 (mult=1.0)
   已处理 59600/93806 条记录 (mult=1.0)
   已处理 59700/93806 条记录 (mult=1.0)
   已处理 59800/93806 条记录 (mult=1.0)
   已处理 59900/93806 条记录 (mult=1.0)
   已处理 60000/93806 条记录 (mult=1.0)
   已处理 60100/93806 条记录 (mult=1.0)
   已处理 60200/93806 条记录 (mult=1.0)
   已处理 60300/93806 条记录 (mult=1.0)
   已处理 60400/93806 条记录 (mult=1.0)
   已处理 60500/93806 条记录 (mult=1.0)
   已处理 60600/93806 条记录 (mult=1.0)
   已处理 60700/93806 条记录 (mult=1.0)
   已处理 60800/93806 条记录 (mult=1.0)
   已处理 60900/93806 条记录 (mult=1.0)
   已处理 61000/93806 条记录 (mult=1.0)
   已处理 61100/93806 条记录 (mult=1.0)
   已处理 61200/93806 条记录 (mult=1.0)
   已处理 61300/93806 条记录 (mult=1.0)
   已处理 61400/93806 条记录 (mult=1.0)
   已处理 61500/93806 条记录 (mult=1.0)
   已处理 61600/93806 条记录 (mult=1.0)
   已处理 61700/93806 条记录 (mult=1.0)
   已处理 61800/93806 条记录 (mult=1.0)
   已处理 61900/93806 条记录 (mult=1.0)
   已处理 62000/93806 条记录 (mult=1.0)
   已处理 62100/93806 条记录 (mult=1.0)
   已处理 62200/93806 条记录 (mult=1.0)
   已处理 62300/93806 条记录 (mult=1.0)
   已处理 62400/93806 条记录 (mult=1.0)
   已处理 62500/93806 条记录 (mult=1.0)
   已处理 62600/93806 条记录 (mult=1.0)
   已处理 62700/93806 条记录 (mult=1.0)
   已处理 62800/93806 条记录 (mult=1.0)
   已处理 62900/93806 条记录 (mult=1.0)
   已处理 63000/93806 条记录 (mult=1.0)
   已处理 63100/93806 条记录 (mult=1.0)
   已处理 63200/93806 条记录 (mult=1.0)
   已处理 63300/93806 条记录 (mult=1.0)
   已处理 63400/93806 条记录 (mult=1.0)
   已处理 63500/93806 条记录 (mult=1.0)
   已处理 63600/93806 条记录 (mult=1.0)
   已处理 63700/93806 条记录 (mult=1.0)
   已处理 63800/93806 条记录 (mult=1.0)
   已处理 63900/93806 条记录 (mult=1.0)
   已处理 64000/93806 条记录 (mult=1.0)
   已处理 64100/93806 条记录 (mult=1.0)
   已处理 64200/93806 条记录 (mult=1.0)
   已处理 64300/93806 条记录 (mult=1.0)
   已处理 64400/93806 条记录 (mult=1.0)
   已处理 64500/93806 条记录 (mult=1.0)
   已处理 64600/93806 条记录 (mult=1.0)
   已处理 64700/93806 条记录 (mult=1.0)
   已处理 64800/93806 条记录 (mult=1.0)
   已处理 64900/93806 条记录 (mult=1.0)
   已处理 65000/93806 条记录 (mult=1.0)
   已处理 65100/93806 条记录 (mult=1.0)
   已处理 65200/93806 条记录 (mult=1.0)
   已处理 65300/93806 条记录 (mult=1.0)
   已处理 65400/93806 条记录 (mult=1.0)
   已处理 65500/93806 条记录 (mult=1.0)
   已处理 65600/93806 条记录 (mult=1.0)
   已处理 65700/93806 条记录 (mult=1.0)
   已处理 65800/93806 条记录 (mult=1.0)
   已处理 65900/93806 条记录 (mult=1.0)
   已处理 66000/93806 条记录 (mult=1.0)
   已处理 66100/93806 条记录 (mult=1.0)
   已处理 66200/93806 条记录 (mult=1.0)
   已处理 66300/93806 条记录 (mult=1.0)
   已处理 66400/93806 条记录 (mult=1.0)
   已处理 66500/93806 条记录 (mult=1.0)
   已处理 66600/93806 条记录 (mult=1.0)
   已处理 66700/93806 条记录 (mult=1.0)
   已处理 66800/93806 条记录 (mult=1.0)
   已处理 66900/93806 条记录 (mult=1.0)
   已处理 67000/93806 条记录 (mult=1.0)
   已处理 67100/93806 条记录 (mult=1.0)
   已处理 67200/93806 条记录 (mult=1.0)
   已处理 67300/93806 条记录 (mult=1.0)
   已处理 67400/93806 条记录 (mult=1.0)
   已处理 67500/93806 条记录 (mult=1.0)
   已处理 67600/93806 条记录 (mult=1.0)
   已处理 67700/93806 条记录 (mult=1.0)
   已处理 67800/93806 条记录 (mult=1.0)
   已处理 67900/93806 条记录 (mult=1.0)
   已处理 68000/93806 条记录 (mult=1.0)
   已处理 68100/93806 条记录 (mult=1.0)
   已处理 68200/93806 条记录 (mult=1.0)
   已处理 68300/93806 条记录 (mult=1.0)
   已处理 68400/93806 条记录 (mult=1.0)
   已处理 68500/93806 条记录 (mult=1.0)
   已处理 68600/93806 条记录 (mult=1.0)
   已处理 68700/93806 条记录 (mult=1.0)
   已处理 68800/93806 条记录 (mult=1.0)
   已处理 68900/93806 条记录 (mult=1.0)
   已处理 69000/93806 条记录 (mult=1.0)
   已处理 69100/93806 条记录 (mult=1.0)
   已处理 69200/93806 条记录 (mult=1.0)
   已处理 69300/93806 条记录 (mult=1.0)
   已处理 69400/93806 条记录 (mult=1.0)
   已处理 69500/93806 条记录 (mult=1.0)
   已处理 69600/93806 条记录 (mult=1.0)
   已处理 69700/93806 条记录 (mult=1.0)
   已处理 69800/93806 条记录 (mult=1.0)
   已处理 69900/93806 条记录 (mult=1.0)
   已处理 70000/93806 条记录 (mult=1.0)
   已处理 70100/93806 条记录 (mult=1.0)
   已处理 70200/93806 条记录 (mult=1.0)
   已处理 70300/93806 条记录 (mult=1.0)
   已处理 70400/93806 条记录 (mult=1.0)
   已处理 70500/93806 条记录 (mult=1.0)
   已处理 70600/93806 条记录 (mult=1.0)
   已处理 70700/93806 条记录 (mult=1.0)
   已处理 70800/93806 条记录 (mult=1.0)
   已处理 70900/93806 条记录 (mult=1.0)
   已处理 71000/93806 条记录 (mult=1.0)
   已处理 71100/93806 条记录 (mult=1.0)
   已处理 71200/93806 条记录 (mult=1.0)
   已处理 71300/93806 条记录 (mult=1.0)
   已处理 71400/93806 条记录 (mult=1.0)
   已处理 71500/93806 条记录 (mult=1.0)
   已处理 71600/93806 条记录 (mult=1.0)
   已处理 71700/93806 条记录 (mult=1.0)
   已处理 71800/93806 条记录 (mult=1.0)
   已处理 71900/93806 条记录 (mult=1.0)
   已处理 72000/93806 条记录 (mult=1.0)
   已处理 72100/93806 条记录 (mult=1.0)
   已处理 72200/93806 条记录 (mult=1.0)
   已处理 72300/93806 条记录 (mult=1.0)
   已处理 72400/93806 条记录 (mult=1.0)
   已处理 72500/93806 条记录 (mult=1.0)
   已处理 72600/93806 条记录 (mult=1.0)
   已处理 72700/93806 条记录 (mult=1.0)
   已处理 72800/93806 条记录 (mult=1.0)
   已处理 72900/93806 条记录 (mult=1.0)
   已处理 73000/93806 条记录 (mult=1.0)
   已处理 73100/93806 条记录 (mult=1.0)
   已处理 73200/93806 条记录 (mult=1.0)
   已处理 73300/93806 条记录 (mult=1.0)
   已处理 73400/93806 条记录 (mult=1.0)
   已处理 73500/93806 条记录 (mult=1.0)
   已处理 73600/93806 条记录 (mult=1.0)
   已处理 73700/93806 条记录 (mult=1.0)
   已处理 73800/93806 条记录 (mult=1.0)
   已处理 73900/93806 条记录 (mult=1.0)
   已处理 74000/93806 条记录 (mult=1.0)
   已处理 74100/93806 条记录 (mult=1.0)
   已处理 74200/93806 条记录 (mult=1.0)
   已处理 74300/93806 条记录 (mult=1.0)
   已处理 74400/93806 条记录 (mult=1.0)
   已处理 74500/93806 条记录 (mult=1.0)
   已处理 74600/93806 条记录 (mult=1.0)
   已处理 74700/93806 条记录 (mult=1.0)
   已处理 74800/93806 条记录 (mult=1.0)
   已处理 74900/93806 条记录 (mult=1.0)
   已处理 75000/93806 条记录 (mult=1.0)
   已处理 75100/93806 条记录 (mult=1.0)
   已处理 75200/93806 条记录 (mult=1.0)
   已处理 75300/93806 条记录 (mult=1.0)
   已处理 75400/93806 条记录 (mult=1.0)
   已处理 75500/93806 条记录 (mult=1.0)
   已处理 75600/93806 条记录 (mult=1.0)
   已处理 75700/93806 条记录 (mult=1.0)
   已处理 75800/93806 条记录 (mult=1.0)
   已处理 75900/93806 条记录 (mult=1.0)
   已处理 76000/93806 条记录 (mult=1.0)
   已处理 76100/93806 条记录 (mult=1.0)
   已处理 76200/93806 条记录 (mult=1.0)
   已处理 76300/93806 条记录 (mult=1.0)
   已处理 76400/93806 条记录 (mult=1.0)
   已处理 76500/93806 条记录 (mult=1.0)
   已处理 76600/93806 条记录 (mult=1.0)
   已处理 76700/93806 条记录 (mult=1.0)
   已处理 76800/93806 条记录 (mult=1.0)
   已处理 76900/93806 条记录 (mult=1.0)
   已处理 77000/93806 条记录 (mult=1.0)
   已处理 77100/93806 条记录 (mult=1.0)
   已处理 77200/93806 条记录 (mult=1.0)
   已处理 77300/93806 条记录 (mult=1.0)
   已处理 77400/93806 条记录 (mult=1.0)
   已处理 77500/93806 条记录 (mult=1.0)
   已处理 77600/93806 条记录 (mult=1.0)
   已处理 77700/93806 条记录 (mult=1.0)
   已处理 77800/93806 条记录 (mult=1.0)
   已处理 77900/93806 条记录 (mult=1.0)
   已处理 78000/93806 条记录 (mult=1.0)
   已处理 78100/93806 条记录 (mult=1.0)
   已处理 78200/93806 条记录 (mult=1.0)
   已处理 78300/93806 条记录 (mult=1.0)
   已处理 78400/93806 条记录 (mult=1.0)
   已处理 78500/93806 条记录 (mult=1.0)
   已处理 78600/93806 条记录 (mult=1.0)
   已处理 78700/93806 条记录 (mult=1.0)
   已处理 78800/93806 条记录 (mult=1.0)
   已处理 78900/93806 条记录 (mult=1.0)
   已处理 79000/93806 条记录 (mult=1.0)
   已处理 79100/93806 条记录 (mult=1.0)
   已处理 79200/93806 条记录 (mult=1.0)
   已处理 79300/93806 条记录 (mult=1.0)
   已处理 79400/93806 条记录 (mult=1.0)
   已处理 79500/93806 条记录 (mult=1.0)
   已处理 79600/93806 条记录 (mult=1.0)
   已处理 79700/93806 条记录 (mult=1.0)
   已处理 79800/93806 条记录 (mult=1.0)
   已处理 79900/93806 条记录 (mult=1.0)
   已处理 80000/93806 条记录 (mult=1.0)
   已处理 80100/93806 条记录 (mult=1.0)
   已处理 80200/93806 条记录 (mult=1.0)
   已处理 80300/93806 条记录 (mult=1.0)
   已处理 80400/93806 条记录 (mult=1.0)
   已处理 80500/93806 条记录 (mult=1.0)
   已处理 80600/93806 条记录 (mult=1.0)
   已处理 80700/93806 条记录 (mult=1.0)
   已处理 80800/93806 条记录 (mult=1.0)
   已处理 80900/93806 条记录 (mult=1.0)
   已处理 81000/93806 条记录 (mult=1.0)
   已处理 81100/93806 条记录 (mult=1.0)
   已处理 81200/93806 条记录 (mult=1.0)
   已处理 81300/93806 条记录 (mult=1.0)
   已处理 81400/93806 条记录 (mult=1.0)
   已处理 81500/93806 条记录 (mult=1.0)
   已处理 81600/93806 条记录 (mult=1.0)
   已处理 81700/93806 条记录 (mult=1.0)
   已处理 81800/93806 条记录 (mult=1.0)
   已处理 81900/93806 条记录 (mult=1.0)
   已处理 82000/93806 条记录 (mult=1.0)
   已处理 82100/93806 条记录 (mult=1.0)
   已处理 82200/93806 条记录 (mult=1.0)
   已处理 82300/93806 条记录 (mult=1.0)
   * 无路可达: 原点82389
   已处理 82400/93806 条记录 (mult=1.0)
   * 无路可达: 原点82407
   * 无路可达: 原点82497
   已处理 82500/93806 条记录 (mult=1.0)
   * 无路可达: 原点82513
   * 无路可达: 原点82536
   * 无路可达: 原点82556
   * 无路可达: 原点82574
   * 无路可达: 原点82577
   已处理 82600/93806 条记录 (mult=1.0)
   * 无路可达: 原点82608
   已处理 82700/93806 条记录 (mult=1.0)
   * 无路可达: 原点82716
   * 无路可达: 原点82778
   已处理 82800/93806 条记录 (mult=1.0)
   * 无路可达: 原点82821
   * 无路可达: 原点82874
   * 无路可达: 原点82885
   已处理 82900/93806 条记录 (mult=1.0)
   * 无路可达: 原点82949
   * 无路可达: 原点82992
   已处理 83000/93806 条记录 (mult=1.0)
   * 无路可达: 原点83031
   * 无路可达: 原点83042
   * 无路可达: 原点83045
   * 无路可达: 原点83080
   已处理 83100/93806 条记录 (mult=1.0)
   * 无路可达: 原点83127
   * 无路可达: 原点83149
   * 无路可达: 原点83180
   * 无路可达: 原点83192
   已处理 83200/93806 条记录 (mult=1.0)
   * 无路可达: 原点83224
   * 无路可达: 原点83283
   已处理 83300/93806 条记录 (mult=1.0)
   * 无路可达: 原点83302
   * 无路可达: 原点83323
   * 无路可达: 原点83326
   * 无路可达: 原点83395
   已处理 83400/93806 条记录 (mult=1.0)
   已处理 83500/93806 条记录 (mult=1.0)
   已处理 83600/93806 条记录 (mult=1.0)
   已处理 83700/93806 条记录 (mult=1.0)
   已处理 83800/93806 条记录 (mult=1.0)
   已处理 83900/93806 条记录 (mult=1.0)
   已处理 84000/93806 条记录 (mult=1.0)
   已处理 84100/93806 条记录 (mult=1.0)
   已处理 84200/93806 条记录 (mult=1.0)
   已处理 84300/93806 条记录 (mult=1.0)
   已处理 84400/93806 条记录 (mult=1.0)
   已处理 84500/93806 条记录 (mult=1.0)
   已处理 84600/93806 条记录 (mult=1.0)
   已处理 84700/93806 条记录 (mult=1.0)
   已处理 84800/93806 条记录 (mult=1.0)
   已处理 84900/93806 条记录 (mult=1.0)
   已处理 85000/93806 条记录 (mult=1.0)
   已处理 85100/93806 条记录 (mult=1.0)
   已处理 85200/93806 条记录 (mult=1.0)
   已处理 85300/93806 条记录 (mult=1.0)
   已处理 85400/93806 条记录 (mult=1.0)
   已处理 85500/93806 条记录 (mult=1.0)
   已处理 85600/93806 条记录 (mult=1.0)
   已处理 85700/93806 条记录 (mult=1.0)
   已处理 85800/93806 条记录 (mult=1.0)
   已处理 85900/93806 条记录 (mult=1.0)
   已处理 86000/93806 条记录 (mult=1.0)
   已处理 86100/93806 条记录 (mult=1.0)
   已处理 86200/93806 条记录 (mult=1.0)
   已处理 86300/93806 条记录 (mult=1.0)
   已处理 86400/93806 条记录 (mult=1.0)
   已处理 86500/93806 条记录 (mult=1.0)
   已处理 86600/93806 条记录 (mult=1.0)
   已处理 86700/93806 条记录 (mult=1.0)
   已处理 86800/93806 条记录 (mult=1.0)
   已处理 86900/93806 条记录 (mult=1.0)
   已处理 87000/93806 条记录 (mult=1.0)
   已处理 87100/93806 条记录 (mult=1.0)
   已处理 87200/93806 条记录 (mult=1.0)
   已处理 87300/93806 条记录 (mult=1.0)
   已处理 87400/93806 条记录 (mult=1.0)
   已处理 87500/93806 条记录 (mult=1.0)
   已处理 87600/93806 条记录 (mult=1.0)
   已处理 87700/93806 条记录 (mult=1.0)
   已处理 87800/93806 条记录 (mult=1.0)
   已处理 87900/93806 条记录 (mult=1.0)
   已处理 88000/93806 条记录 (mult=1.0)
   已处理 88100/93806 条记录 (mult=1.0)
   已处理 88200/93806 条记录 (mult=1.0)
   已处理 88300/93806 条记录 (mult=1.0)
   已处理 88400/93806 条记录 (mult=1.0)
   已处理 88500/93806 条记录 (mult=1.0)
   已处理 88600/93806 条记录 (mult=1.0)
   已处理 88700/93806 条记录 (mult=1.0)
   已处理 88800/93806 条记录 (mult=1.0)
   已处理 88900/93806 条记录 (mult=1.0)
   已处理 89000/93806 条记录 (mult=1.0)
   已处理 89100/93806 条记录 (mult=1.0)
   已处理 89200/93806 条记录 (mult=1.0)
   已处理 89300/93806 条记录 (mult=1.0)
   已处理 89400/93806 条记录 (mult=1.0)
   已处理 89500/93806 条记录 (mult=1.0)
   已处理 89600/93806 条记录 (mult=1.0)
   已处理 89700/93806 条记录 (mult=1.0)
   已处理 89800/93806 条记录 (mult=1.0)
   已处理 89900/93806 条记录 (mult=1.0)
   已处理 90000/93806 条记录 (mult=1.0)
   已处理 90100/93806 条记录 (mult=1.0)
   已处理 90200/93806 条记录 (mult=1.0)
   已处理 90300/93806 条记录 (mult=1.0)
   已处理 90400/93806 条记录 (mult=1.0)
   已处理 90500/93806 条记录 (mult=1.0)
   已处理 90600/93806 条记录 (mult=1.0)
   已处理 90700/93806 条记录 (mult=1.0)
   已处理 90800/93806 条记录 (mult=1.0)
   已处理 90900/93806 条记录 (mult=1.0)
   已处理 91000/93806 条记录 (mult=1.0)
   已处理 91100/93806 条记录 (mult=1.0)
   已处理 91200/93806 条记录 (mult=1.0)
   已处理 91300/93806 条记录 (mult=1.0)
   已处理 91400/93806 条记录 (mult=1.0)
   已处理 91500/93806 条记录 (mult=1.0)
   已处理 91600/93806 条记录 (mult=1.0)
   已处理 91700/93806 条记录 (mult=1.0)
   已处理 91800/93806 条记录 (mult=1.0)
   已处理 91900/93806 条记录 (mult=1.0)
   已处理 92000/93806 条记录 (mult=1.0)
   已处理 92100/93806 条记录 (mult=1.0)
   已处理 92200/93806 条记录 (mult=1.0)
   已处理 92300/93806 条记录 (mult=1.0)
   已处理 92400/93806 条记录 (mult=1.0)
   已处理 92500/93806 条记录 (mult=1.0)
   已处理 92600/93806 条记录 (mult=1.0)
   已处理 92700/93806 条记录 (mult=1.0)
   已处理 92800/93806 条记录 (mult=1.0)
   已处理 92900/93806 条记录 (mult=1.0)
   已处理 93000/93806 条记录 (mult=1.0)
   已处理 93100/93806 条记录 (mult=1.0)
   已处理 93200/93806 条记录 (mult=1.0)
   已处理 93300/93806 条记录 (mult=1.0)
   已处理 93400/93806 条记录 (mult=1.0)
   已处理 93500/93806 条记录 (mult=1.0)
   已处理 93600/93806 条记录 (mult=1.0)
   已处理 93700/93806 条记录 (mult=1.0)
   已处理 93800/93806 条记录 (mult=1.0)
   已处理 93806/93806 条记录 (mult=1.0)
   已处理 100/11378 条记录 (mult=22.5)
   已处理 200/11378 条记录 (mult=22.5)
   * 无路可达: 原点226
   * 无路可达: 原点250
   已处理 300/11378 条记录 (mult=22.5)
   已处理 400/11378 条记录 (mult=22.5)
   已处理 500/11378 条记录 (mult=22.5)
   已处理 600/11378 条记录 (mult=22.5)
   已处理 700/11378 条记录 (mult=22.5)
   已处理 800/11378 条记录 (mult=22.5)
   已处理 900/11378 条记录 (mult=22.5)
   已处理 1000/11378 条记录 (mult=22.5)
   已处理 1100/11378 条记录 (mult=22.5)
   已处理 1200/11378 条记录 (mult=22.5)
   已处理 1300/11378 条记录 (mult=22.5)
   已处理 1400/11378 条记录 (mult=22.5)
   已处理 1500/11378 条记录 (mult=22.5)
   已处理 1600/11378 条记录 (mult=22.5)
   已处理 1700/11378 条记录 (mult=22.5)
   已处理 1800/11378 条记录 (mult=22.5)
   已处理 1900/11378 条记录 (mult=22.5)
   已处理 2000/11378 条记录 (mult=22.5)
   已处理 2100/11378 条记录 (mult=22.5)
   已处理 2200/11378 条记录 (mult=22.5)
   已处理 2300/11378 条记录 (mult=22.5)
   已处理 2400/11378 条记录 (mult=22.5)
   已处理 2500/11378 条记录 (mult=22.5)
   已处理 2600/11378 条记录 (mult=22.5)
   已处理 2700/11378 条记录 (mult=22.5)
   已处理 2800/11378 条记录 (mult=22.5)
   已处理 2900/11378 条记录 (mult=22.5)
   已处理 3000/11378 条记录 (mult=22.5)
   已处理 3100/11378 条记录 (mult=22.5)
   已处理 3200/11378 条记录 (mult=22.5)
   已处理 3300/11378 条记录 (mult=22.5)
   已处理 3400/11378 条记录 (mult=22.5)
   已处理 3500/11378 条记录 (mult=22.5)
   已处理 3600/11378 条记录 (mult=22.5)
   已处理 3700/11378 条记录 (mult=22.5)
   已处理 3800/11378 条记录 (mult=22.5)
   已处理 3900/11378 条记录 (mult=22.5)
   已处理 4000/11378 条记录 (mult=22.5)
   已处理 4100/11378 条记录 (mult=22.5)
   已处理 4200/11378 条记录 (mult=22.5)
   已处理 4300/11378 条记录 (mult=22.5)
   已处理 4400/11378 条记录 (mult=22.5)
   已处理 4500/11378 条记录 (mult=22.5)
   已处理 4600/11378 条记录 (mult=22.5)
   已处理 4700/11378 条记录 (mult=22.5)
   已处理 4800/11378 条记录 (mult=22.5)
   已处理 4900/11378 条记录 (mult=22.5)
   已处理 5000/11378 条记录 (mult=22.5)
   已处理 5100/11378 条记录 (mult=22.5)
   已处理 5200/11378 条记录 (mult=22.5)
   已处理 5300/11378 条记录 (mult=22.5)
   已处理 5400/11378 条记录 (mult=22.5)
   已处理 5500/11378 条记录 (mult=22.5)
   已处理 5600/11378 条记录 (mult=22.5)
   已处理 5700/11378 条记录 (mult=22.5)
   已处理 5800/11378 条记录 (mult=22.5)
   已处理 5900/11378 条记录 (mult=22.5)
   已处理 6000/11378 条记录 (mult=22.5)
   已处理 6100/11378 条记录 (mult=22.5)
   已处理 6200/11378 条记录 (mult=22.5)
   已处理 6300/11378 条记录 (mult=22.5)
   已处理 6400/11378 条记录 (mult=22.5)
   已处理 6500/11378 条记录 (mult=22.5)
   已处理 6600/11378 条记录 (mult=22.5)
   已处理 6700/11378 条记录 (mult=22.5)
   已处理 6800/11378 条记录 (mult=22.5)
   已处理 6900/11378 条记录 (mult=22.5)
   已处理 7000/11378 条记录 (mult=22.5)
   已处理 7100/11378 条记录 (mult=22.5)
   已处理 7200/11378 条记录 (mult=22.5)
   已处理 7300/11378 条记录 (mult=22.5)
   已处理 7400/11378 条记录 (mult=22.5)
   已处理 7500/11378 条记录 (mult=22.5)
   已处理 7600/11378 条记录 (mult=22.5)
   已处理 7700/11378 条记录 (mult=22.5)
   已处理 7800/11378 条记录 (mult=22.5)
   已处理 7900/11378 条记录 (mult=22.5)
   已处理 8000/11378 条记录 (mult=22.5)
   已处理 8100/11378 条记录 (mult=22.5)
   已处理 8200/11378 条记录 (mult=22.5)
   已处理 8300/11378 条记录 (mult=22.5)
   已处理 8400/11378 条记录 (mult=22.5)
   已处理 8500/11378 条记录 (mult=22.5)
Authorization required, but no authorization protocol specified

/mnt/ssd2T/yang/DX/2025/vis-path-frequency-home-station-0716.py:271: UserWarning: FigureCanvasAgg is non-interactive, and thus cannot be shown
  plt.show()
   已处理 8600/11378 条记录 (mult=22.5)
   已处理 8700/11378 条记录 (mult=22.5)
   已处理 8800/11378 条记录 (mult=22.5)
   已处理 8900/11378 条记录 (mult=22.5)
   已处理 9000/11378 条记录 (mult=22.5)
   已处理 9100/11378 条记录 (mult=22.5)
   已处理 9200/11378 条记录 (mult=22.5)
   已处理 9300/11378 条记录 (mult=22.5)
   已处理 9400/11378 条记录 (mult=22.5)
   * 无路可达: 原点9401
   * 无路可达: 原点9404
   * 无路可达: 原点9437
   已处理 9500/11378 条记录 (mult=22.5)
   * 无路可达: 原点9544
   * 无路可达: 原点9563
   * 无路可达: 原点9578
   已处理 9600/11378 条记录 (mult=22.5)
   已处理 9700/11378 条记录 (mult=22.5)
   已处理 9800/11378 条记录 (mult=22.5)
   已处理 9900/11378 条记录 (mult=22.5)
   已处理 10000/11378 条记录 (mult=22.5)
   已处理 10100/11378 条记录 (mult=22.5)
   已处理 10200/11378 条记录 (mult=22.5)
   已处理 10300/11378 条记录 (mult=22.5)
   已处理 10400/11378 条记录 (mult=22.5)
   已处理 10500/11378 条记录 (mult=22.5)
   已处理 10600/11378 条记录 (mult=22.5)
   已处理 10700/11378 条记录 (mult=22.5)
   已处理 10800/11378 条记录 (mult=22.5)
   已处理 10900/11378 条记录 (mult=22.5)
   已处理 11000/11378 条记录 (mult=22.5)
   已处理 11100/11378 条记录 (mult=22.5)
   已处理 11200/11378 条记录 (mult=22.5)
   已处理 11300/11378 条记录 (mult=22.5)
   已处理 11378/11378 条记录 (mult=22.5)
5. 绘图…
6. 保存边频率数据…
   完成！
总用时: 11733.2 秒
